// Jest Snapshot v1, https://goo.gl/fbAQLP

exports[`Airspaces fetchAirspaces should find the airspaces 1`] = `
{
  "bottom": [
    1067,
    0,
    1829,
    0,
  ],
  "category": [
    "C",
    "F",
    "F",
    "G",
  ],
  "endSec": [
    1666952265,
    1666956673,
    1666956657,
    1666979201,
  ],
  "flags": [
    1,
    18,
    2,
    34,
  ],
  "hasErrors": false,
  "into": [
    false,
    true,
    false,
    false,
  ],
  "name": [
    "TMA-NATAL",
    "SBR223- WHISKY_DOIS",
    "SBR224- WISKY100",
    "G - SBR266-QUIXADA",
  ],
  "startSec": [
    1666949217,
    1666952377,
    1666952377,
    1666978953,
  ],
  "top": [
    4420,
    8839,
    4572,
    1006,
  ],
}
`;
